// Jest Snapshot v1, https://goo.gl/fbAQLP

exports[`ErrorScreen should render correctly 1`] = `
<RNCSafeAreaView
  edges={
    Array [
      "right",
      "left",
    ]
  }
  mode="margin"
  style={
    Object {
      "backgroundColor": undefined,
      "flex": 1,
    }
  }
>
  <View
    style={
      Object {
        "backgroundColor": "#393e42",
        "height": 0,
      }
    }
  />
  <RCTScrollView
    collapsable={false}
    contentContainerStyle={
      Object {
        "flex": 1,
      }
    }
    onGestureHandlerEvent={[Function]}
    onGestureHandlerStateChange={[Function]}
    refreshControl={
      <RefreshControlMock
        backgroundColor="#393e42"
        colors={
          Array [
            "#2089dc",
            "#ca71eb",
          ]
        }
        enabled={true}
        onRefresh={[Function]}
        refreshing={false}
        tintColor="#43484d"
      />
    }
    style={
      Object {
        "bottom": 0,
        "left": 0,
        "position": "absolute",
        "right": 0,
        "top": 0,
      }
    }
  >
    <RCTRefreshControl />
    <View>
      <View
        style={
          Object {
            "backgroundColor": undefined,
            "bottom": 0,
            "flex": 1,
            "left": 0,
            "paddingHorizontal": 15,
            "position": "absolute",
            "right": 0,
            "top": 0,
          }
        }
      >
        <View
          style={
            Object {
              "flexGrow": 1,
              "justifyContent": "center",
            }
          }
        >
          <View
            style={
              Object {
                "overflow": "hidden",
              }
            }
          >
            <View
              testID="error-view-icon"
            >
              <View
                style={
                  Object {
                    "alignItems": "center",
                    "backgroundColor": "transparent",
                    "justifyContent": "center",
                  }
                }
              >
                <Text />
              </View>
            </View>
          </View>
          <Text
            style={
              Object {
                "color": "#242424",
                "fontSize": 43.714285714285715,
                "marginVertical": 40,
                "textAlign": "center",
              }
            }
            testID="error-view-heading"
          >
            Heading
          </Text>
          <Text
            style={
              Object {
                "color": "#242424",
                "marginBottom": 40,
                "marginHorizontal": 20,
                "textAlign": "center",
              }
            }
            testID="error-view-message"
          >
            Message
          </Text>
        </View>
        <View
          testID="error-view-details"
        >
          <Text
            style={
              Object {
                "color": "#242424",
                "fontSize": 15,
              }
            }
            testID="error-view-detail"
          >
            Details 1
          </Text>
          <Text
            style={
              Object {
                "color": "#242424",
                "fontSize": 15,
              }
            }
            testID="error-view-detail"
          >
            Details 2
          </Text>
        </View>
        <View
          style={
            Array [
              Object {
                "borderRadius": 3,
                "overflow": "hidden",
              },
              Object {
                "borderRadius": 3,
              },
              Object {
                "marginVertical": 17,
              },
              false,
            ]
          }
        >
          <View
            accessibilityRole="button"
            accessibilityState={
              Object {
                "busy": false,
                "disabled": false,
              }
            }
            accessible={true}
            collapsable={false}
            focusable={true}
            onClick={[Function]}
            onResponderGrant={[Function]}
            onResponderMove={[Function]}
            onResponderRelease={[Function]}
            onResponderTerminate={[Function]}
            onResponderTerminationRequest={[Function]}
            onStartShouldSetResponder={[Function]}
            style={
              Object {
                "opacity": 1,
              }
            }
            testID="error-view-button"
          >
            <View
              style={
                Object {
                  "alignItems": "center",
                  "backgroundColor": "#2089dc",
                  "borderColor": "#2089dc",
                  "borderRadius": 3,
                  "borderWidth": 0,
                  "flexDirection": "row",
                  "justifyContent": "center",
                  "padding": 8,
                }
              }
            >
              <View
                style={
                  Object {
                    "marginHorizontal": 5,
                    "overflow": "hidden",
                  }
                }
              >
                <View>
                  <View
                    style={
                      Object {
                        "alignItems": "center",
                        "backgroundColor": "transparent",
                        "justifyContent": "center",
                      }
                    }
                  >
                    <Text />
                  </View>
                </View>
              </View>
              <Text
                style={
                  Object {
                    "color": "white",
                    "fontSize": 18,
                    "paddingVertical": 1,
                    "textAlign": "center",
                  }
                }
              >
                Button Title
              </Text>
            </View>
          </View>
        </View>
      </View>
    </View>
  </RCTScrollView>
</RNCSafeAreaView>
`;
