// Jest Snapshot v1, https://goo.gl/fbAQLP

exports[`AudioPlayer should render correctly 1`] = `null`;
