// Jest Snapshot v1, https://goo.gl/fbAQLP

exports[`ThemeSwitcher should render 1`] = `null`;
